[    0.000000] Initializing cgroup subsys cpuset
[    0.000000] Initializing cgroup subsys cpu
[    0.000000] Initializing cgroup subsys cpuacct
[    0.000000] Linux version 4.4.0-96-generic (buildd@lgw01-10) (gcc version 5.4.0 20160609 (Ubuntu 5.4.0-6ubuntu1~16.04.4) ) #119-Ubuntu SMP Tue Sep 12 14:59:54 UTC 2017 (Ubuntu 4.4.0-96.119-generic 4.4.83)
[    0.000000] Command line: BOOT_IMAGE=/boot/vmlinuz-4.4.0-96-generic root=LABEL=cloudimg-rootfs ro console=tty1 console=ttyS0
[    0.000000] KERNEL supported cpus:
[    0.000000]   Intel GenuineIntel
[    0.000000]   AMD AuthenticAMD
[    0.000000]   Centaur CentaurHauls
[    0.000000] x86/fpu: xstate_offset[2]:  576, xstate_sizes[2]:  256
[    0.000000] x86/fpu: Supporting XSAVE feature 0x01: 'x87 floating point registers'
[    0.000000] x86/fpu: Supporting XSAVE feature 0x02: 'SSE registers'
[    0.000000] x86/fpu: Supporting XSAVE feature 0x04: 'AVX registers'
[    0.000000] x86/fpu: Enabled xstate features 0x7, context size is 832 bytes, using 'standard' format.
[    0.000000] x86/fpu: Using 'lazy' FPU context switches.
[    0.000000] e820: BIOS-provided physical RAM map:
[    0.000000] BIOS-e820: [mem 0x0000000000000000-0x000000000009fbff] usable
[    0.000000] BIOS-e820: [mem 0x000000000009fc00-0x000000000009ffff] reserved
[    0.000000] BIOS-e820: [mem 0x00000000000f0000-0x00000000000fffff] reserved
[    0.000000] BIOS-e820: [mem 0x0000000000100000-0x000000001ffeffff] usable
[    0.000000] BIOS-e820: [mem 0x000000001fff0000-0x000000001fffffff] ACPI data
[    0.000000] BIOS-e820: [mem 0x00000000fec00000-0x00000000fec00fff] reserved
[    0.000000] BIOS-e820: [mem 0x00000000fee00000-0x00000000fee00fff] reserved
[    0.000000] BIOS-e820: [mem 0x00000000fffc0000-0x00000000ffffffff] reserved
[    0.000000] NX (Execute Disable) protection: active
[    0.000000] SMBIOS 2.5 present.
[    0.000000] Hypervisor detected: KVM
[    0.000000] e820: last_pfn = 0x1fff0 max_arch_pfn = 0x400000000
[    0.000000] MTRR: Disabled
[    0.000000] x86/PAT: MTRRs disabled, skipping PAT initialization too.
[    0.000000] CPU MTRRs all blank - virtualized system.
[    0.000000] x86/PAT: Configuration [0-7]: WB  WT  UC- UC  WB  WT  UC- UC  
[    0.000000] found SMP MP-table at [mem 0x0009fff0-0x0009ffff] mapped at [ffff88000009fff0]
[    0.000000] Scanning 1 areas for low memory corruption
[    0.000000] RAMDISK: [mem 0x1ece4000-0x1f757fff]
[    0.000000] ACPI: Early table checksum verification disabled
[    0.000000] ACPI: RSDP 0x00000000000E0000 000024 (v02 VBOX  )
[    0.000000] ACPI: XSDT 0x000000001FFF0030 00003C (v01 VBOX   VBOXXSDT 00000001 ASL  00000061)
[    0.000000] ACPI: FACP 0x000000001FFF00F0 0000F4 (v04 VBOX   VBOXFACP 00000001 ASL  00000061)
[    0.000000] ACPI: DSDT 0x000000001FFF0470 0021C8 (v02 VBOX   VBOXBIOS 00000002 INTL 20100528)
[    0.000000] ACPI: FACS 0x000000001FFF0200 000040
[    0.000000] ACPI: FACS 0x000000001FFF0200 000040
[    0.000000] ACPI: APIC 0x000000001FFF0240 00005C (v02 VBOX   VBOXAPIC 00000001 ASL  00000061)
[    0.000000] ACPI: SSDT 0x000000001FFF02A0 0001CC (v01 VBOX   VBOXCPUT 00000002 INTL 20100528)
[    0.000000] No NUMA configuration found
[    0.000000] Faking a node at [mem 0x0000000000000000-0x000000001ffeffff]
[    0.000000] NODE_DATA(0) allocated [mem 0x1ffeb000-0x1ffeffff]
[    0.000000] kvm-clock: Using msrs 4b564d01 and 4b564d00
[    0.000000] kvm-clock: cpu 0, msr 0:1ffe3001, primary cpu clock
[    0.000000] kvm-clock: using sched offset of 3160639268 cycles
[    0.000000] clocksource: kvm-clock: mask: 0xffffffffffffffff max_cycles: 0x1cd42e4dffb, max_idle_ns: 881590591483 ns
[    0.000000] Zone ranges:
[    0.000000]   DMA      [mem 0x0000000000001000-0x0000000000ffffff]
[    0.000000]   DMA32    [mem 0x0000000001000000-0x000000001ffeffff]
[    0.000000]   Normal   empty
[    0.000000]   Device   empty
[    0.000000] Movable zone start for each node
[    0.000000] Early memory node ranges
[    0.000000]   node   0: [mem 0x0000000000001000-0x000000000009efff]
[    0.000000]   node   0: [mem 0x0000000000100000-0x000000001ffeffff]
[    0.000000] Initmem setup node 0 [mem 0x0000000000001000-0x000000001ffeffff]
[    0.000000] ACPI: PM-Timer IO Port: 0x4008
[    0.000000] IOAPIC[0]: apic_id 2, version 32, address 0xfec00000, GSI 0-23
[    0.000000] ACPI: INT_SRC_OVR (bus 0 bus_irq 0 global_irq 2 dfl dfl)
[    0.000000] ACPI: INT_SRC_OVR (bus 0 bus_irq 9 global_irq 9 high level)
[    0.000000] Using ACPI (MADT) for SMP configuration information
[    0.000000] smpboot: Allowing 2 CPUs, 0 hotplug CPUs
[    0.000000] PM: Registered nosave memory: [mem 0x00000000-0x00000fff]
[    0.000000] PM: Registered nosave memory: [mem 0x0009f000-0x0009ffff]
[    0.000000] PM: Registered nosave memory: [mem 0x000a0000-0x000effff]
[    0.000000] PM: Registered nosave memory: [mem 0x000f0000-0x000fffff]
[    0.000000] e820: [mem 0x20000000-0xfebfffff] available for PCI devices
[    0.000000] Booting paravirtualized kernel on KVM
[    0.000000] clocksource: refined-jiffies: mask: 0xffffffff max_cycles: 0xffffffff, max_idle_ns: 7645519600211568 ns
[    0.000000] setup_percpu: NR_CPUS:512 nr_cpumask_bits:512 nr_cpu_ids:2 nr_node_ids:1
[    0.000000] PERCPU: Embedded 34 pages/cpu @ffff88001fc00000 s98328 r8192 d32744 u1048576
[    0.000000] PV qspinlock hash table entries: 256 (order: 0, 4096 bytes)
[    0.000000] Built 1 zonelists in Node order, mobility grouping on.  Total pages: 128889
[    0.000000] Policy zone: DMA32
[    0.000000] Kernel command line: BOOT_IMAGE=/boot/vmlinuz-4.4.0-96-generic root=LABEL=cloudimg-rootfs ro console=tty1 console=ttyS0
[    0.000000] PID hash table entries: 2048 (order: 2, 16384 bytes)
[    0.000000] Memory: 485780K/523832K available (8479K kernel code, 1294K rwdata, 3984K rodata, 1492K init, 1316K bss, 38052K reserved, 0K cma-reserved)
[    0.000000] SLUB: HWalign=64, Order=0-3, MinObjects=0, CPUs=2, Nodes=1
[    0.000000] Hierarchical RCU implementation.
[    0.000000] 	Build-time adjustment of leaf fanout to 64.
[    0.000000] 	RCU restricting CPUs from NR_CPUS=512 to nr_cpu_ids=2.
[    0.000000] RCU: Adjusting geometry for rcu_fanout_leaf=64, nr_cpu_ids=2
[    0.000000] NR_IRQS:33024 nr_irqs:440 16
[    0.000000] Console: colour VGA+ 80x25
[    0.000000] console [tty1] enabled
[    0.000000] console [ttyS0] enabled
[    0.000000] tsc: Detected 2494.316 MHz processor
[    0.872066] Calibrating delay loop (skipped) preset value.. 4988.63 BogoMIPS (lpj=9977264)
[    0.897650] pid_max: default: 32768 minimum: 301
[    0.904168] ACPI: Core revision 20150930
[    0.906049] ACPI: 2 ACPI AML tables successfully acquired and loaded
[    0.922473] Security Framework initialized
[    0.924936] Yama: becoming mindful.
[    0.926064] AppArmor: AppArmor initialized
[    0.933624] Dentry cache hash table entries: 65536 (order: 7, 524288 bytes)
[    0.936960] Inode-cache hash table entries: 32768 (order: 6, 262144 bytes)
[    0.944132] Mount-cache hash table entries: 1024 (order: 1, 8192 bytes)
[    0.964242] Mountpoint-cache hash table entries: 1024 (order: 1, 8192 bytes)
[    0.966406] Initializing cgroup subsys io
[    0.980458] Initializing cgroup subsys memory
[    0.981653] Initializing cgroup subsys devices
[    0.984083] Initializing cgroup subsys freezer
[    0.985429] Initializing cgroup subsys net_cls
[    0.989635] Initializing cgroup subsys perf_event
[    0.991217] Initializing cgroup subsys net_prio
[    0.992256] Initializing cgroup subsys hugetlb
[    0.993289] Initializing cgroup subsys pids
[    1.025273] CPU: Physical Processor ID: 0
[    1.026511] CPU: Processor Core ID: 0
[    1.027975] mce: CPU supports 0 MCE banks
[    1.031445] Last level iTLB entries: 4KB 512, 2MB 8, 4MB 8
[    1.040512] Last level dTLB entries: 4KB 512, 2MB 32, 4MB 32, 1GB 0
[    1.055251] Freeing SMP alternatives memory: 32K
[    1.071454] ftrace: allocating 32146 entries in 126 pages
[    1.140190] smpboot: APIC(0) Converting physical 0 to logical package 0
[    1.167458] smpboot: Max logical packages: 1
[    1.175410] x2apic enabled
[    1.194152] Switched APIC routing to physical x2apic.
[    1.202760] ..TIMER: vector=0x30 apic1=0 pin1=2 apic2=-1 pin2=-1
[    1.315484] smpboot: CPU0: Intel(R) Core(TM) i7-3667U CPU @ 2.00GHz (family: 0x6, model: 0x3a, stepping: 0x9)
[    1.363706] Performance Events: unsupported p6 CPU model 58 no PMU driver, software events only.
[    1.384623] KVM setup paravirtual spinlock
[    1.391878] x86: Booting SMP configuration:
[    1.408337] .... node  #0, CPUs:      #1
[    1.425607] kvm-clock: cpu 1, msr 0:1ffe3041, secondary cpu clock
[    1.437565] mce: CPU supports 0 MCE banks
[    1.440603] x86: Booted up 1 node, 2 CPUs
[    1.448160] smpboot: Total of 2 processors activated (9977.26 BogoMIPS)
[    1.461726] devtmpfs: initialized
[    1.475978] evm: security.selinux
[    1.479379] evm: security.SMACK64
[    1.480541] evm: security.SMACK64EXEC
[    1.508375] evm: security.SMACK64TRANSMUTE
[    1.520421] evm: security.SMACK64MMAP
[    1.532083] evm: security.ima
[    1.560854] evm: security.capability
[    1.578117] clocksource: jiffies: mask: 0xffffffff max_cycles: 0xffffffff, max_idle_ns: 7645041785100000 ns
[    1.595674] futex hash table entries: 512 (order: 3, 32768 bytes)
[    1.606255] pinctrl core: initialized pinctrl subsystem
[    1.611291] RTC time: 19:25:20, date: 09/27/17
[    1.645956] NET: Registered protocol family 16
[    1.663964] cpuidle: using governor ladder
[    1.683683] cpuidle: using governor menu
[    1.707627] PCCT header not found.
[    1.708553] ACPI: bus type PCI registered
[    1.718760] acpiphp: ACPI Hot Plug PCI Controller Driver version: 0.5
[    1.728236] PCI: Using configuration type 1 for base access
[    1.748821] ACPI: Added _OSI(Module Device)
[    1.769134] ACPI: Added _OSI(Processor Device)
[    1.788098] ACPI: Added _OSI(3.0 _SCP Extensions)
[    1.795670] ACPI: Added _OSI(Processor Aggregator Device)
[    1.805896] ACPI: Executed 1 blocks of module-level executable AML code
[    1.828436] ACPI: Interpreter enabled
[    1.832638] ACPI: (supports S0 S5)
[    1.842413] ACPI: Using IOAPIC for interrupt routing
[    1.849264] PCI: Using host bridge windows from ACPI; if necessary, use "pci=nocrs" and report a bug
[    1.860940] ACPI: PCI Root Bridge [PCI0] (domain 0000 [bus 00-ff])
[    1.874251] acpi PNP0A03:00: _OSC: OS supports [ASPM ClockPM Segments MSI]
[    1.897698] acpi PNP0A03:00: _OSC failed (AE_NOT_FOUND); disabling ASPM
[    1.906117] acpi PNP0A03:00: fail to add MMCONFIG information, can't access extended PCI configuration space under this bridge.
[    1.923924] PCI host bridge to bus 0000:00
[    1.931452] pci_bus 0000:00: root bus resource [io  0x0000-0x0cf7 window]
[    1.943381] pci_bus 0000:00: root bus resource [io  0x0d00-0xffff window]
[    1.946408] pci_bus 0000:00: root bus resource [mem 0x000a0000-0x000bffff window]
[    1.954514] pci_bus 0000:00: root bus resource [mem 0x20000000-0xffdfffff window]
[    1.973472] pci_bus 0000:00: root bus resource [bus 00-ff]
[    1.982417] pci 0000:00:01.1: legacy IDE quirk: reg 0x10: [io  0x01f0-0x01f7]
[    2.012737] pci 0000:00:01.1: legacy IDE quirk: reg 0x14: [io  0x03f6]
[    2.033719] pci 0000:00:01.1: legacy IDE quirk: reg 0x18: [io  0x0170-0x0177]
[    2.042152] pci 0000:00:01.1: legacy IDE quirk: reg 0x1c: [io  0x0376]
[    2.068925] pci 0000:00:07.0: quirk: [io  0x4000-0x403f] claimed by PIIX4 ACPI
[    2.082206] pci 0000:00:07.0: quirk: [io  0x4100-0x410f] claimed by PIIX4 SMB
[    2.094141] ACPI: PCI Interrupt Link [LNKA] (IRQs 5 9 10 *11)
[    2.114920] ACPI: PCI Interrupt Link [LNKB] (IRQs 5 9 10 *11)
[    2.134304] ACPI: PCI Interrupt Link [LNKC] (IRQs 5 9 *10 11)
[    2.146670] ACPI: PCI Interrupt Link [LNKD] (IRQs 5 *9 10 11)
[    2.163678] ACPI: Enabled 2 GPEs in block 00 to 07
[    2.168248] vgaarb: setting as boot device: PCI:0000:00:02.0
[    2.193572] vgaarb: device added: PCI:0000:00:02.0,decodes=io+mem,owns=io+mem,locks=none
[    2.205095] vgaarb: loaded
[    2.211182] vgaarb: bridge control possible 0000:00:02.0
[    2.218200] SCSI subsystem initialized
[    2.230319] ACPI: bus type USB registered
[    2.237958] usbcore: registered new interface driver usbfs
[    2.250340] usbcore: registered new interface driver hub
[    2.263345] usbcore: registered new device driver usb
[    2.274280] PCI: Using ACPI for IRQ routing
[    2.275971] NetLabel: Initializing
[    2.277116] NetLabel:  domain hash size = 128
[    2.278418] NetLabel:  protocols = UNLABELED CIPSOv4
[    2.279906] NetLabel:  unlabeled traffic allowed by default
[    2.292893] amd_nb: Cannot enumerate AMD northbridges
[    2.301469] clocksource: Switched to clocksource kvm-clock
[    2.314016] AppArmor: AppArmor Filesystem Enabled
[    2.324137] pnp: PnP ACPI init
[    2.330547] pnp: PnP ACPI: found 3 devices
[    2.362332] clocksource: acpi_pm: mask: 0xffffff max_cycles: 0xffffff, max_idle_ns: 2085701024 ns
[    2.373724] NET: Registered protocol family 2
[    2.380350] TCP established hash table entries: 4096 (order: 3, 32768 bytes)
[    2.381877] TCP bind hash table entries: 4096 (order: 4, 65536 bytes)
[    2.407056] TCP: Hash tables configured (established 4096 bind 4096)
[    2.443498] UDP hash table entries: 256 (order: 1, 8192 bytes)
[    2.469622] UDP-Lite hash table entries: 256 (order: 1, 8192 bytes)
[    2.476333] NET: Registered protocol family 1
[    2.482979] pci 0000:00:00.0: Limiting direct PCI/PCI transfers
[    2.500324] pci 0000:00:01.0: Activating ISA DMA hang workarounds
[    2.517276] Unpacking initramfs...
[    4.438744] Freeing initrd memory: 10704K
[    4.451370] RAPL PMU detected, API unit is 2^-32 Joules, 3 fixed counters 10737418240 ms ovfl timer
[    4.453349] hw unit of domain pp0-core 2^-0 Joules
[    4.473410] hw unit of domain package 2^-0 Joules
[    4.486636] hw unit of domain pp1-gpu 2^-0 Joules
[    4.494711] platform rtc_cmos: registered platform RTC device (no PNP device found)
[    4.520689] Scanning for low memory corruption every 60 seconds
[    4.543130] audit: initializing netlink subsys (disabled)
[    4.549892] audit: type=2000 audit(1506540326.731:1): initialized
[    4.556858] Initialise system trusted keyring
[    4.574874] HugeTLB registered 2 MB page size, pre-allocated 0 pages
[    4.609892] zbud: loaded
[    4.642866] VFS: Disk quotas dquot_6.6.0
[    4.661943] VFS: Dquot-cache hash table entries: 512 (order 0, 4096 bytes)
[    4.681844] squashfs: version 4.0 (2009/01/31) Phillip Lougher
[    4.693616] fuse init (API version 7.23)
[    4.702920] Key type big_key registered
[    4.723450] Allocating IMA MOK and blacklist keyrings.
[    4.727497] Key type asymmetric registered
[    4.730742] Asymmetric key parser 'x509' registered
[    4.761738] Block layer SCSI generic (bsg) driver version 0.4 loaded (major 249)
[    4.815664] io scheduler noop registered
[    4.874014] io scheduler deadline registered (default)
[    4.904870] io scheduler cfq registered
[    4.925749] pci_hotplug: PCI Hot Plug PCI Core version: 0.5
[    4.943352] pciehp: PCI Express Hot Plug Controller Driver version: 0.4
[    4.957696] ACPI: AC Adapter [AC] (off-line)
[    4.964324] input: Power Button as /devices/LNXSYSTM:00/LNXPWRBN:00/input/input0
[    4.975728] ACPI: Power Button [PWRF]
[    4.992416] input: Sleep Button as /devices/LNXSYSTM:00/LNXSLPBN:00/input/input1
[    5.023698] ACPI: Sleep Button [SLPF]
[    5.044627] ACPI: Battery Slot [BAT0] (battery present)
[    5.070602] GHES: HEST is not enabled!
[    5.084092] Serial: 8250/16550 driver, 32 ports, IRQ sharing enabled
[    5.215453] 00:02: ttyS0 at I/O 0x3f8 (irq = 4, base_baud = 115200) is a 16550A
[    5.224556] Linux agpgart interface v0.103
[    5.229711] loop: module loaded
[    5.237366] scsi host0: ata_piix
[    5.253372] scsi host1: ata_piix
[    5.255515] ata1: PATA max UDMA/33 cmd 0x1f0 ctl 0x3f6 bmdma 0xd000 irq 14
[    5.308458] ata2: PATA max UDMA/33 cmd 0x170 ctl 0x376 bmdma 0xd008 irq 15
[    5.335135] libphy: Fixed MDIO Bus: probed
[    5.336685] tun: Universal TUN/TAP device driver, 1.6
[    5.352753] tun: (C) 1999-2004 Max Krasnyansky <maxk@qualcomm.com>
[    5.356519] PPP generic driver version 2.4.2
[    5.380170] ehci_hcd: USB 2.0 'Enhanced' Host Controller (EHCI) Driver
[    5.384809] ehci-pci: EHCI PCI platform driver
[    5.394165] ehci-platform: EHCI generic platform driver
[    5.407178] ohci_hcd: USB 1.1 'Open' Host Controller (OHCI) Driver
[    5.412498] ohci-pci: OHCI PCI platform driver
[    5.422220] ohci-platform: OHCI generic platform driver
[    5.424882] uhci_hcd: USB Universal Host Controller Interface driver
[    5.437091] i8042: PNP: PS/2 Controller [PNP0303:PS2K,PNP0f03:PS2M] at 0x60,0x64 irq 1,12
[    5.447690] serio: i8042 KBD port at 0x60,0x64 irq 1
[    5.463256] serio: i8042 AUX port at 0x60,0x64 irq 12
[    5.478463] mousedev: PS/2 mouse device common for all mice
[    5.501678] tsc: Refined TSC clocksource calibration: 2494.242 MHz
[    5.505475] rtc_cmos rtc_cmos: rtc core: registered rtc_cmos as rtc0
[    5.505742] rtc_cmos rtc_cmos: alarms up to one day, 114 bytes nvram
[    5.505761] i2c /dev entries driver
[    5.505862] device-mapper: uevent: version 1.0.3
[    5.505974] device-mapper: ioctl: 4.34.0-ioctl (2015-10-28) initialised: dm-devel@redhat.com
[    5.505997] ledtrig-cpu: registered to indicate activity on CPUs
[    5.517267] NET: Registered protocol family 10
[    5.518498] NET: Registered protocol family 17
[    5.518524] Key type dns_resolver registered
[    5.536248] microcode: CPU0 sig=0x306a9, pf=0x2, revision=0x19
[    5.536616] microcode: CPU1 sig=0x306a9, pf=0x2, revision=0x19
[    5.536713] microcode: Microcode Update Driver: v2.01 <tigran@aivazian.fsnet.co.uk>, Peter Oruba
[    5.536873] registered taskstats version 1
[    5.536891] Loading compiled-in X.509 certificates
[    5.538789] Loaded X.509 cert 'Build time autogenerated kernel key: b1a6ea8776bed2812c00d8a799f968274ef48628'
[    5.538838] zswap: loaded using pool lzo/zbud
[    5.542629] Key type trusted registered
[    5.554339] input: AT Translated Set 2 keyboard as /devices/platform/i8042/serio0/input/input2
[    5.557521] Key type encrypted registered
[    5.557532] AppArmor: AppArmor sha1 policy hashing enabled
[    5.557536] ima: No TPM chip found, activating TPM-bypass!
[    5.557571] evm: HMAC attrs: 0x1
[    5.558308]   Magic number: 1:439:446
[    5.597652] rtc_cmos rtc_cmos: setting system clock to 2017-09-27 19:25:24 UTC (1506540324)
[    5.597880] BIOS EDD facility v0.16 2004-Jun-25, 0 devices found
[    5.597881] EDD information not available.
[    5.932801] clocksource: tsc: mask: 0xffffffffffffffff max_cycles: 0x23f3fa5d1a7, max_idle_ns: 440795293668 ns
[    5.954715] Freeing unused kernel memory: 1492K
[    5.962203] Write protecting the kernel read-only data: 14336k
[    5.979740] Freeing unused kernel memory: 1748K
[    6.008748] Freeing unused kernel memory: 112K
Loading, please wait...
starting version[    6.028160] random: systemd-udevd: uninitialized urandom read (16 bytes read, 2 bits of entropy available)
 229
[    6.028875] random: udevadm: uninitialized urandom read (16 bytes read, 2 bits of entropy available)
[    6.028933] random: udevadm: uninitialized urandom read (16 bytes read, 2 bits of entropy available)
[    6.029131] random: udevadm: uninitialized urandom read (16 bytes read, 2 bits of entropy available)
[    6.029208] random: udevadm: uninitialized urandom read (16 bytes read, 2 bits of entropy available)
[    6.029284] random: udevadm: uninitialized urandom read (16 bytes read, 2 bits of entropy available)
[    6.029363] random: udevadm: uninitialized urandom read (16 bytes read, 2 bits of entropy available)
[    6.029439] random: udevadm: uninitialized urandom read (16 bytes read, 2 bits of entropy available)
[    6.029595] random: udevadm: uninitialized urandom read (16 bytes read, 2 bits of entropy available)
[    6.029688] random: udevadm: uninitialized urandom read (16 bytes read, 2 bits of entropy available)
[    6.180572] e1000: Intel(R) PRO/1000 Network Driver - version 7.3.21-k8-NAPI
[    6.203847] e1000: Copyright (c) 1999-2006 Intel Corporation.
[    6.218967] Fusion MPT base driver 3.04.20
[    6.221690] Copyright (c) 1999-2008 LSI Corporation
[    6.247083] AVX version of gcm_enc/dec engaged.
[    6.273374] AES CTR mode by8 optimization enabled
[    6.300134] Fusion MPT SPI Host driver 3.04.20
[    6.429324] input: ImExPS/2 Generic Explorer Mouse as /devices/platform/i8042/serio1/input/input4
[    6.622793] e1000 0000:00:03.0 eth0: (PCI:33MHz:32-bit) 02:a4:a0:f1:db:6e
[    6.637743] e1000 0000:00:03.0 eth0: Intel(R) PRO/1000 Network Connection
[    7.069054] e1000 0000:00:08.0 eth1: (PCI:33MHz:32-bit) 08:00:27:94:a9:48
[    7.131948] e1000 0000:00:08.0 eth1: Intel(R) PRO/1000 Network Connection
[    7.173353] e1000 0000:00:03.0 enp0s3: renamed from eth0
[    7.178343] mptbase: ioc0: Initiating bringup
[    7.288541] e1000 0000:00:08.0 enp0s8: renamed from eth1
[    7.349861] ioc0: LSI53C1030 A0: Capabilities={Initiator}
[    7.556159] scsi host2: ioc0: LSI53C1030 A0, FwRev=00000000h, Ports=1, MaxQ=256, IRQ=20
[    7.711100] scsi 2:0:0:0: Direct-Access     VBOX     HARDDISK         1.0  PQ: 0 ANSI: 5
[    7.766149] scsi target2:0:0: Beginning Domain Validation
[    7.845617] scsi target2:0:0: Domain Validation skipping write tests
[    7.991006] scsi target2:0:0: Ending Domain Validation
[    8.044532] scsi target2:0:0: asynchronous
[    8.131041] scsi 2:0:1:0: Direct-Access     VBOX     HARDDISK         1.0  PQ: 0 ANSI: 5
[    8.172725] scsi target2:0:1: Beginning Domain Validation
[    8.244225] scsi target2:0:1: Domain Validation skipping write tests
[    8.246919] scsi target2:0:1: Ending Domain Validation
[    8.248169] scsi target2:0:1: asynchronous
[    8.257114] sd 2:0:0:0: [sda] 20971520 512-byte logical blocks: (10.7 GB/10.0 GiB)
[    8.257167] sd 2:0:0:0: Attached scsi generic sg0 type 0
[    8.257699] sd 2:0:1:0: Attached scsi generic sg1 type 0
[    8.274199] sd 2:0:1:0: [sdb] 20480 512-byte logical blocks: (10.5 MB/10.0 MiB)
[    8.274480] sd 2:0:0:0: [sda] Write Protect is off
[    8.274625] sd 2:0:0:0: [sda] Incomplete mode parameter data
[    8.274626] sd 2:0:0:0: [sda] Assuming drive cache: write through
[    8.312501]  sda: sda1
[    8.313312] sd 2:0:0:0: [sda] Attached SCSI disk
[    8.395707] sd 2:0:1:0: [sdb] Write Protect is off
[    8.402672] sd 2:0:1:0: [sdb] Incomplete mode parameter data
[    8.418544] sd 2:0:1:0: [sdb] Assuming drive cache: write through
[    8.450324] sd 2:0:1:0: [sdb] Attached SCSI disk
[    9.249842] floppy0: no floppy controllers found
Begin: Loading e[   10.757812] md: linear personality registered for level -1
ssential drivers[   10.786031] md: multipath personality registered for level -4
 ... [   10.826116] md: raid0 personality registered for level 0
[   10.831029] md: raid1 personality registered for level 1
[   10.905996] raid6: sse2x1   gen()  7854 MB/s
[   10.985835] raid6: sse2x1   xor()  5902 MB/s
[   11.069517] raid6: sse2x2   gen()  9791 MB/s
[   11.149490] raid6: sse2x2   xor()  6765 MB/s
[   11.218947] raid6: sse2x4   gen() 11741 MB/s
[   11.298013] raid6: sse2x4   xor()  8434 MB/s
[   11.309110] raid6: using algorithm sse2x4 gen() 11741 MB/s
[   11.362699] raid6: .... xor() 8434 MB/s, rmw enabled
[   11.416652] raid6: using ssse3x2 recovery algorithm
[   11.527652] xor: automatically using best checksumming function:
[   11.609675]    avx       : 25024.000 MB/sec
[   11.613613] async_tx: api initialized (async)
[   11.635451] md: raid6 personality registered for level 6
[   11.648255] md: raid5 personality registered for level 5
[   11.649806] md: raid4 personality registered for level 4
[   11.675148] md: raid10 personality registered for level 10
done.
Begin: Running /scripts/init-premount ... done.
Begin: Mounting root file system ... Begin: Running /scripts/local-top ... done.
Begin: Running /scripts/local-premount ... [   11.724015] Btrfs loaded
Scanning for Btrfs filesystems
done.
Warning: fsck not present, so sk[   11.801378] EXT4-fs (sda1): mounted filesystem with ordered data mode. Opts: (null)
ipping root file system
done.
Begin: Running /scripts/local-bottom ... done.
Begin: Running /scripts/init-bottom ... done.
[   11.942663] systemd[1]: systemd 229 running in system mode. (+PAM +AUDIT +SELINUX +IMA +APPARMOR +SMACK +SYSVINIT +UTMP +LIBCRYPTSETUP +GCRYPT +GNUTLS +ACL +XZ -LZ4 +SECCOMP +BLKID +ELFUTILS +KMOD -IDN)
[   11.950754] systemd[1]: Detected virtualization oracle.
[   11.967207] systemd[1]: Detected architecture x86-64.

Welcome to [1mUbuntu 16.04.3 LTS[0m!

[   11.990249] systemd[1]: Set hostname to <ubuntu>.
[   12.014779] systemd[1]: Initializing machine ID from random generator.
[   12.037976] systemd[1]: Installed transient /etc/machine-id file.
[   12.203960] systemd[1]: Created slice System Slice.
[[0;32m  OK  [0m] Created slice System Slice.
[   12.234647] systemd[1]: Listening on Journal Socket.
[[0;32m  OK  [0m] Listening on Journal Socket.
[   12.286308] systemd[1]: Starting Nameserver information manager...
         Starting Nameserver information manager...
[   12.349833] systemd[1]: Mounting Debug File System...
         Mounting Debug File System...
[   12.389999] systemd[1]: Listening on udev Control Socket.
[[0;32m  OK  [0m] Listening on udev Control Socket.
[   12.428611] systemd[1]: Listening on Journal Audit Socket.
[[0;32m  OK  [0m] Listening on Journal Audit Socket.
[   12.474072] systemd[1]: Listening on LVM2 poll daemon socket.
[[0;32m  OK  [0m] Listening on LVM2 poll daemon socket.
[   12.500370] systemd[1]: Started Trigger resolvconf update for networkd DNS.
[[0;32m  OK  [0m] Started Trigger resolvconf update for networkd DNS.
[   12.524037] systemd[1]: Created slice system-serial\x2dgetty.slice.
[[0;32m  OK  [0m] Created slice system-serial\x2dgetty.slice.
[   12.561899] systemd[1]: Listening on /dev/initctl Compatibility Named Pipe.
[[0;32m  OK  [0m] Listening on /dev/initctl Compatibility Named Pipe.
[   12.604132] systemd[1]: Reached target Swap.
[[0;32m  OK  [0m] Reached target Swap.
[   12.626676] systemd[1]: Listening on udev Kernel Socket.
[[0;32m  OK  [0m] Listening on udev Kernel Socket.
[   12.649988] systemd[1]: Listening on Journal Socket (/dev/log).
[[0;32m  OK  [0m] Listening on Journal Socket (/dev/log).
[   12.682304] systemd[1]: Listening on LVM2 metadata daemon socket.
[[0;32m  OK  [0m] Listening on LVM2 metadata daemon socket.
[   12.694967] systemd[1]: Reached target User and Group Name Lookups.
[[0;32m  OK  [0m] Reached target User and Group Name Lookups.
[   12.711810] systemd[1]: Reached target Encrypted Volumes.
[[0;32m  OK  [0m] Reached target Encrypted Volumes.
[   12.744488] systemd[1]: Started Forward Password Requests to Wall Directory Watch.
[[0;32m  OK  [0m] Started Forward Password Requests to Wall Directory Watch.
[   12.793983] systemd[1]: Starting Remount Root and Kernel File Systems...
         [   12.799643] EXT4-fs (sda1): re-mounted. Opts: (null)
Starting Remount Root and Kernel File Systems...
[   12.844103] systemd[1]: Listening on Syslog Socket.
[[0;32m  OK  [0m] Listening on Syslog Socket.
[   12.877862] systemd[1]: Starting Journal Service...
         Starting Journal Service...
[   12.912079] systemd[1]: Starting Load Kernel Modules...
         Starting Load Kernel Modules...
[   12.930862] systemd[1]: Starting Create list of required static device nodes for the current kernel...
         [   12.938411] Loading iSCSI transport class v2.0-870.
Starting Create list of required st... nodes for the current kernel...
[   12.959258] systemd[1]: Set up automount Arbitrary Executable File Formats File System Automount Point.
[[0;32m  OK  [0m] Set up automount Arbitrary Executab...ats File System Automount Point.
[   12.984280] iscsi: registered transport (tcp)
[   12.986323] systemd[1]: Listening on Device-mapper event daemon FIFOs.
[[0;32m  OK  [0m] Listening on Device-mapper event daemon FIFOs.
[   13.033862] iscsi: registered transport (iser)
[   13.033971] systemd[1]: Starting Monitoring of LVM2 mirrors, snapshots etc. using dmeventd or progress polling...
         Starting Monitoring of LVM2 mirrors... dmeventd or progress polling...
[   13.277892] systemd[1]: Starting Uncomplicated firewall...
         Starting Uncomplicated firewall...
[   13.325857] systemd[1]: Mounting POSIX Message Queue File System...
         Mounting POSIX Message Queue File System...
[   13.343991] systemd[1]: Starting Set console keymap...
         Starting Set console keymap...
[   13.360632] systemd[1]: Created slice User and Session Slice.
[   13.365511] random: nonblocking pool is initialized
[[0;32m  OK  [0m] Created slice User and Session Slice.
[   13.473761] systemd[1]: Mounting Huge Pages File System...
         Mounting Huge Pages File System...
[   13.510025] systemd[1]: Reached target Slices.
[[0;32m  OK  [0m] Reached target Slices.
[   13.555243] systemd[1]: Mounted POSIX Message Queue File System.
[[0;32m  OK  [0m] Mounted POSIX Message Queue File System.
[   13.602242] systemd[1]: Mounted Debug File System.
[[0;32m  OK  [0m] Mounted Debug File System.
[   13.616584] systemd[1]: Mounted Huge Pages File System.
[[0;32m  OK  [0m] Mounted Huge Pages File System.
[   13.640166] systemd[1]: Started Journal Service.
[[0;32m  OK  [0m] Started Journal Service.
[[0;32m  OK  [0m] Started Remount Root and Kernel File Systems.
[[0;32m  OK  [0m] Started Load Kernel Modules.
[[0;32m  OK  [0m] Started Create list of required sta...ce nodes for the current kernel.
[[0;32m  OK  [0m] Started Uncomplicated firewall.
[[0;32m  OK  [0m] Started Set console keymap.
[[0;32m  OK  [0m] Started Nameserver information manager.
[[0;32m  OK  [0m] Started LVM2 metadata daemon.
         Starting Create Static Device Nodes in /dev...
         Mounting FUSE Control File System...
         Starting Apply Kernel Variables...
         Starting Load/Save Random Seed...
         Starting Initial cloud-init job (pre-networking)...
         Starting udev Coldplug all Devices...
         Starting Flush Journal to Persistent Storage...
[[0;32m  OK  [0m] Mounted FUSE Control File System.
[[0;32m  OK  [0m] Started Create Static Device Nodes in /dev.
[[0;32m  OK  [0m] Started Apply Kernel Variables.
[[0;32m  OK  [0m] Started Load/Save Random Seed.
[[0;32m  OK  [0m] Started Monitoring of LVM2 mirrors,...ng dmeventd or progress polling.
[[0;32m  OK  [0m] Started udev Coldplug all Devices.
[[0;32m  OK  [0m] Started Flush Journal to Persistent Storage.
         Starting udev Kernel Device Manager...
[[0;32m  OK  [0m] Started udev Kernel Device Manager.
[[0;32m  OK  [0m] Started Dispatch Password Requests to Console Directory Watch.
[[0;32m  OK  [0m] Reached target Local File Systems (Pre).
[[0;32m  OK  [0m] Reached target Local File Systems.
         Starting Tell Plymouth To Write Out Runtime Data...
         Starting Commit a transient machine-id on disk...
         Starting Create Volatile Files and Directories...
         Starting Set console font and keymap...
         Starting LSB: AppArmor initialization...
[[0;32m  OK  [0m] Started Tell Plymouth To Write Out Runtime Data.
[[0;32m  OK  [0m] Started Commit a transient machine-id on disk.
[[0;32m  OK  [0m] Started Create Volatile Files and Directories.
[[0;32m  OK  [0m] Found device /dev/ttyS0.
[[0;32m  OK  [0m] Reached target System Time Synchronized.
         Starting Update UTMP about System Boot/Shutdown...
[[0;32m  OK  [0m] Started Update UTMP about System Boot/Shutdown.
[[0;32m  OK  [0m] Listening on Load/Save RF Kill Switch Status /dev/rfkill Watch.
[   13.763097] cloud-init[450]: Cloud-init v. 0.7.9 running 'init-local' at Wed, 27 Sep 2017 19:25:33 +0000. Up 13.14 seconds.
[[0;32m  OK  [0m] Started Initial cloud-init job (pre-networking).
[[0;32m  OK  [0m] Reached target Network (Pre).
[[0;32m  OK  [0m] Started LSB: AppArmor initialization.
         Starting Raise network interfaces...
[[0;32m  OK  [0m] Started Set console font and keymap.
[[0;32m  OK  [0m] Created slice system-getty.slice.
[[0;32m  OK  [0m] Started Raise network interfaces.
         Starting Initial cloud-init job (metadata service crawler)...
[[0;32m  OK  [0m] Reached target Network.
[   17.320806] cloud-init[948]: Cloud-init v. 0.7.9 running 'init' at Wed, 27 Sep 2017 19:25:37 +0000. Up 16.44 seconds.
[[0;32m  OK  [0m] Started Initial cloud-init job (metadata service crawler).
[[0;32m  OK  [0m] Reached target System Initialization.
[   17.430882] cloud-init[948]: ci-info: ++++++++++++++++++++++++++++++++++++++Net device info++++++++++++++++++++++++++++++++++++++
[   17.518838] cloud-init[948]: ci-info: +--------+-------+----------------------------+---------------+-------+-------------------+
[[0;32m  OK  [0m] Started ACPI Events Check.
[[0;32m  OK  [0m] Reached target Paths.
         Starting Socket activation for snappy daemon.
[   17.519749] cloud-init[948]: ci-info: | Device |   Up  |          Address           |      Mask     | Scope |     Hw-Address    |
[   17.685574] [cloud-init[0;32m  OK  [0m[948]: ] ci-info: +--------+-------+----------------------------+---------------+-------+-------------------+Started Timer to automatically fetch and run repair assertions.

[   17.686463]          Starting LXD - unix socket.
[[0;32m  OK  [0m] Listening on ACPID Listen Socket.
[[0;32m  OK  [0m] Listening on UUID daemon activation socket.
[[0;32m  OK  [0m] Listening on D-Bus System Message Bus Socket.
[[0;32m  OK  [0m] Started Daily Cleanup of Temporary Directories.
[[0;32m  OK  [0m] Started Timer to automatically refresh installed snaps.
[[0;32m  OK  [0m] Reached target Network is Online.
[[0;32m  OK  [0m] Started Daily apt download activities.
cloud-init[948]: ci-info: | enp0s3 |  True |         10.0.2.15          | 255.255.255.0 |   .   | 02:a4:a0:f1:db:6e |
[   18.000603] [cloud-init[0;32m  OK  [0m[948]: ] ci-info: | enp0s3 |  True | fe80::a4:a0ff:fef1:db6e/64 |       .       |  link | 02:a4:a0:f1:db:6e |Started Daily apt upgrade and clean activities.

[   18.003144] [cloud-init[0;32m  OK  [0m[948]: ] ci-info: |   lo   |  True |         127.0.0.1          |   255.0.0.0   |   .   |         .         |Reached target Timers.

[   18.192570]          cloud-initStarting iSCSI initiator daemon (iscsid)...[948]: 
ci-info: |   lo   |  True |          ::1/128           |       .       |  host |         .         |
[   18.322495] cloud-init[948]: ci-info: | enp0s8 | False |             .              |       .       |   .   | 08:00:27:94:a9:48 |
[[0;32m  OK  [0m] Reached target Cloud-config availability.
[   18.323359] cloud-init[948]: ci-info: +--------+-------+----------------------------+---------------+-------+-------------------+
[   18.456669] [cloud-init[0;32m  OK  [0m[948]: ] ci-info: +++++++++++++++++++++++++++Route IPv4 info++++++++++++++++++++++++++++Listening on Socket activation for snappy daemon.

[   18.457527] [cloud-init[0;32m  OK  [0m[948]: ] ci-info: +-------+-------------+----------+---------------+-----------+-------+Listening on LXD - unix socket.

[   18.599797] cloud-init[948]: ci-info: | Route | Destination | Gateway  |    Genmask    | Interface | Flags |
[[0;32m  OK  [0m] Started iSCSI initiator daemon (iscsid).
[   18.600513] cloud-init[948]: ci-info: +-------+-------------+----------+---------------+-----------+-------+
[   18.732654]          Starting Login to default iSCSI targets...
cloud-init[948]: ci-info: |   0   |   0.0.0.0   | 10.0.2.2 |    0.0.0.0    |   enp0s3  |   UG  |
[   18.788119] [cloud-init[0;32m  OK  [0m[948]: ] ci-info: |   1   |   10.0.2.0  | 0.0.0.0  | 255.255.255.0 |   enp0s3  |   U   |Reached target Sockets.

[   18.789161] [cloud-init[0;32m  OK  [0m[948]: ] ci-info: +-------+-------------+----------+---------------+-----------+-------+Reached target Basic System.

         Starting Pollinate to seed the pseudo random number generator...
[   18.929555] cloud-init[948]: Generating public/private rsa key pair.
         Starting Login Service...
[   18.995311] cloud-init[948]: Your identification has been saved in /etc/ssh/ssh_host_rsa_key.
[   19.044459] [cloud-init[0;32m  OK  [0m[948]: ] Your public key has been saved in /etc/ssh/ssh_host_rsa_key.pub.Started ACPI event daemon.

[   19.045262] cloud-init[948]: The key fingerprint is:
[   19.084903] cloud-init[948]: SHA256:cp29jq42ybnnunAmNEe2ZESb2LkS1U8FFqZU9GGy0aI root@ubuntu-xenial
[   19.088079] cloud-init[948]: The key's randomart image is:
[   19.102792]          cloud-initStarting LSB: Record successful boot for GRUB...[948]: 
+---[RSA 2048]----+
[[0;32m  OK  [0m] Started FUSE filesystem for LXC.
[   19.109407] cloud-init[948]: |       .+..oX=+  |
[   19.148492] cloud-init[948]: |       = =.+o*.. |
[[0;32m  OK  [0m] Started Regular background program processing daemon.
[   19.149728] cloud-init[948]: |      o X .+...  |
[   19.184884] cloud-init[948]: |       * +Eo.    |
[[0;32m  OK  [0m] Started D-Bus System Message Bus.
[   19.196323] cloud-init[948]: |      = S o .    |
[   19.231079]          cloud-initStarting LXD - container startup/shutdown...[948]: 
|     . *     .   |
         Starting Apply the settings specified in cloud-config...
[   19.259489] cloud-init[948]: |      o.oo  .    |
[   19.304490]          cloud-initStarting System Logging Service...[948]: 
|       =* .o     |
[   19.305555] cloud-init[948]: |       .=X+ .    |
[   19.400927] [cloud-init[0;32m  OK  [0m[948]: ] +----[SHA256]-----+Started Deferred execution scheduler.

         Starting Snappy daemon...
[   19.439534] cloud-init[948]: Generating public/private dsa key pair.
[   19.481181] cloud-init[948]: Your identification has been saved in /etc/ssh/ssh_host_dsa_key.
         Starting LSB: MD monitoring daemon...
[[0;32m  OK  [0m] Started Unattended Upgrades Shutdown.
[   19.507394] cloud-init[948]: Your public key has been saved in /etc/ssh/ssh_host_dsa_key.pub.
[   19.564363] cloud-init[948]: The key fingerprint is:
[   19.592415]          cloud-initStarting Accounts Service...[948]: 
SHA256:xiMTxteApqLY+JYhMmFw7WyK8yF9RMbeuN1p1tu18jg root@ubuntu-xenial
[   19.593490] cloud-init[948]: The key's randomart image is:
[   19.644755] cloud-init[948]: +---[DSA 1024]----+
[   19.650348]          cloud-initStarting /etc/rc.local Compatibility...[948]: 
|   o   ..        |
[   19.664122] [[0;32m  OK  [0m] Started System Logging Service.
[[0;32m  OK  [0m] Started Snappy daemon.
cloud-init[948]: |. . =.o  o       |
[[0;32m  OK  [0m] Started LXD - container startup/shutdown.
[[0;32m  OK  [0m] Started Pollinate to seed the pseudo random number generator.
[[0;32m  OK  [0m] Started /etc/rc.local Compatibility.
[   19.697651] cloud-init[948]: |.. * =+ . .      |
[   19.771757] cloud-init[948]: |... O..+         |
[   19.776852] cloud-init[948]: |oB = oo.So       |
[   19.801270] cloud-init[948]: |@ * o .+=..   .  |
[[0;32m  OK  [0m] Started Login to default iSCSI targets.
[[0;32m  OK  [0m] Started LSB: Record successful boot for GRUB.
[   19.832807] cloud-init[948]: |.B =   o   o . . |
[   19.880681] cloud-init[948]: |  =       . E..  |
[   19.890081] cloud-init[948]: | .          .+.  |
[   19.916525] cloud-init[948]: +----[SHA256]-----+
[   19.926026] cloud-init[948]: Generating public/private ecdsa key pair.
[   19.936659] cloud-init[948]: Your identification has been saved in /etc/ssh/ssh_host_ecdsa_key.
[[0;32m  OK  [0m] Started LSB: MD monitoring daemon.
[   19.960126] cloud-init[948]: Your public key has been saved in /etc/ssh/ssh_host_ecdsa_key.pub.
[   20.008550] cloud-init[948]: The key fingerprint is:
[[0;32m  OK  [0m] Started Login Service.
[   20.027050] cloud-init[948]: SHA256:U0F48HTF8R+CGFVORCXr9OUubZLwVVT1yuMxBzxXVgc root@ubuntu-xenial
         Starting Authenticate and Authorize Users to Run Privileged Tasks...
[[0;32m  OK  [0m] Reached target Remote File Systems (Pre).
[[0;32m  OK  [0m] Reached target Remote File Systems.
[   20.089539] cloud-init[948]: The key's randomart image is:
[   20.188699] cloud-init[948]: +---[ECDSA 256]---+
[   20.189109] cloud-init[948]: |        .==.=OE+%|
[   20.189491] cloud-init[948]: |        .o+o+.+++|
[   20.189707] cloud-init[948]: |         oo. =+.*|
[   20.189766] cloud-init[948]: |         .  o.o*=|
[   20.189881] cloud-init[948]: |        S   ..*.=|
[   20.190030] cloud-init[948]: |         .   + X |
[   20.190168] cloud-init[948]: |              * +|
[   20.190397] cloud-init[948]: |               + |
[   20.190536] cloud-init[948]: |                 |
[   20.190585] cloud-init[948]: +----[SHA256]-----+
[   20.190793] cloud-init[948]: Generating public/private ed25519 key pair.
[   20.191006] cloud-init[948]: Your identification has been saved in /etc/ssh/ssh_host_ed25519_key.
[   20.191106] cloud-init[948]: Your public key has been saved in /etc/ssh/ssh_host_ed25519_key.pub.
[   20.191293] cloud-init[948]: The key fingerprint is:
[   20.191350] cloud-init[948]: SHA256:Gp+nqPsEphb4SdA/tYqUhiviptOOHw4S22+Hj0RkbbQ root@ubuntu-xenial
[   20.191483] cloud-init[948]: The key's randomart image is:
[   20.191615] cloud-init[948]: +--[ED25519 256]--+
[   20.191707] cloud-init[948]: |      .          |
[   20.191874] cloud-init[948]: | .   o .         |
[   20.191925] cloud-init[948]: |. . o E          |
         Starting LSB: Set the CPU Frequency Scaling governor to "ondemand"...
[   20.192619] cloud-init[948]: | + = o .         |
[   20.388926] cloud-init[948]: |+ * * o S        |
[   20.415326] cloud-init[948]: | X B + + .       |
         Starting LSB: daemon to balance interrupts for SMP systems...
[   20.423935] cloud-init[948]: |B.O o.o o .      |
[   20.437350] cloud-init[948]: |**.+oo.. o       |
[   20.452208]          Starting LSB: VirtualBox Linux Additions...
cloud-init[948]: |==+.=*+ .        |
[   20.488667] cloud-init[948]: +----[SHA256]-----+
         Starting LSB: automatic crash report generation...
         Starting Permit User Sessions...
         Starting OpenBSD Secure Shell server...
         Starting Auto import assertions from block devices...
[[0;32m  OK  [0m] Started OpenBSD Secure Shell server.
[[0;32m  OK  [0m] Started Permit User Sessions.
[[0;32m  OK  [0m] Started Auto import assertions from block devices.
[   20.708373] cloud-init[1108]: Generating locales (this might take a while)...
[[0;32m  OK  [0m] Started Authenticate and Authorize Users to Run Privileged Tasks.
[[0;32m  OK  [0m] Started Accounts Service.
[[0;32m  OK  [0m] Started LSB: Set the CPU Frequency Scaling governor to "ondemand".
         Starting Terminate Plymouth Boot Screen...
         Starting Hold until boot process finishes up...
[[0;32m  OK  [0m] Started LSB: daemon to balance interrupts for SMP systems.
[[0;32m  OK  [0m] Started LSB: automatic crash report generation.
[[0;32m  OK  [0m] Started Terminate Plymouth Boot Screen.
[[0;32m  OK  [0m] Started Hold until boot process finishes up.
[[0;32m  OK  [0m] Started Serial Getty on ttyS0.
[[0;32m  OK  [0m] Started Getty on tty1.
[[0;32m  OK  [0m] Reached target Login Prompts.
         Starting Set console scheme...
[[0;32m  OK  [0m] Started LSB: VirtualBox Linux Additions.
[[0;32m  OK  [0m] Started Set console scheme.
[[0;32m  OK  [0m] Reached target Multi-User System.
[[0;32m  OK  [0m] Reached target Graphical Interface.
         Starting Update UTMP about System Runlevel Changes...
[[0;32m  OK  [0m] Started Update UTMP about System Runlevel Changes.
[   22.668817] cloud-init[1108]:   en_US.UTF-8... done
[   22.688764] cloud-init[1108]: Generation complete.
         Stopping OpenBSD Secure Shell server...
[[0;32m  OK  [0m] Stopped OpenBSD Secure Shell server.
         Starting OpenBSD Secure Shell server...
[[0;32m  OK  [0m] Started OpenBSD Secure Shell server.
[[0;32m  OK  [0m] Created slice User Slice of ubuntu.
         Starting User Manager for UID 1000...
[[0;32m  OK  [0m] Started User Manager for UID 1000.
[[0;32m  OK  [0m] Started Session 1 of user ubuntu.
[   23.299650] cloud-init[1108]: Cloud-init v. 0.7.9 running 'modules:config' at Wed, 27 Sep 2017 19:25:40 +0000. Up 20.20 seconds.
[[0;32m  OK  [0m] Started Apply the settings specified in cloud-config.
         Starting Execute cloud user/final scripts...
ci-info: no authorized ssh keys fingerprints found for user ubuntu.
<14>Sep 27 19:25:45 ec2: 
<14>Sep 27 19:25:45 ec2: #############################################################
<14>Sep 27 19:25:45 ec2: -----BEGIN SSH HOST KEY FINGERPRINTS-----
<14>Sep 27 19:25:45 ec2: 1024 SHA256:xiMTxteApqLY+JYhMmFw7WyK8yF9RMbeuN1p1tu18jg root@ubuntu-xenial (DSA)
<14>Sep 27 19:25:45 ec2: 256 SHA256:U0F48HTF8R+CGFVORCXr9OUubZLwVVT1yuMxBzxXVgc root@ubuntu-xenial (ECDSA)
<14>Sep 27 19:25:45 ec2: 256 SHA256:Gp+nqPsEphb4SdA/tYqUhiviptOOHw4S22+Hj0RkbbQ root@ubuntu-xenial (ED25519)
<14>Sep 27 19:25:45 ec2: 2048 SHA256:cp29jq42ybnnunAmNEe2ZESb2LkS1U8FFqZU9GGy0aI root@ubuntu-xenial (RSA)
<14>Sep 27 19:25:45 ec2: -----END SSH HOST KEY FINGERPRINTS-----
<14>Sep 27 19:25:45 ec2: #############################################################
-----BEGIN SSH HOST KEY KEYS-----
ecdsa-sha2-nistp256 AAAAE2VjZHNhLXNoYTItbmlzdHAyNTYAAAAIbmlzdHAyNTYAAABBBJz3Y2bxY86f4J8aHDl/3VoCGXV+p/2JZuawuPrHTlmU0Xmvt3FpJk0wx9pkTcLG3Ett7y32JHKrd6D6tDtKet4= root@ubuntu-xenial
ssh-ed25519 AAAAC3NzaC1lZDI1NTE5AAAAIKDW4eA2Wrsz5wtZNwbZJ7jT0qH4oAg/FI3fonIoVvAc root@ubuntu-xenial
ssh-rsa AAAAB3NzaC1yc2EAAAADAQABAAABAQDFZycUZ1LlAXJElpoPMJAFb1xEWIk+HDEuKm6aEKVHRIlXR+DirBri6TU9Wzu6aAsIJLUJkosgb8Pr+4Wv3MuXqvrIj5zpJj3KqQEDBzQdy+rV3EvDzqpvbOJTPJIumB0daR995+lVGKaUESP7iC4AOKtqUg+HFvhLj2bkPtzEIJ24iOtJSgT4MtOcE6S2aD2dtBxVLm8uz6waHrmW5OBsaGQdsNsAhQCyXHIChQVIBmU88boT189u3cXCaiMDhDS2ItKky+VykX9pwc3k0r9ykzkWP6878oPUDEqqXqn8zzN1c07BVYwYKxj4O2MYfqRbJ0QUIk0x+XVTGV7gVa03 root@ubuntu-xenial
-----END SSH HOST KEY KEYS-----
[   24.815255] cloud-init[1392]: Cloud-init v. 0.7.9 running 'modules:final' at Wed, 27 Sep 2017 19:25:44 +0000. Up 24.02 seconds.
[   24.842198] cloud-init[1392]: ci-info: no authorized ssh keys fingerprints found for user ubuntu.
[   24.859407] cloud-init[1392]: Cloud-init v. 0.7.9 finished at Wed, 27 Sep 2017 19:25:45 +0000. Datasource DataSourceNoCloud [seed=/dev/sdb][dsmode=net].  Up 24.78 seconds
[[0;32m  OK  [0m] Started Execute cloud user/final scripts.
[[0;32m  OK  [0m] Reached target Cloud-init target.

Ubuntu 16.04.3 LTS ubuntu-xenial ttyS0

ubuntu-xenial login: 